1 uxqw_l
2 YPzaGafZWDmL
3 YVyKYdMJYKSo
4 cGFObRC
5 LwbgzYaynsbiB
6 KmUtox
7 yswgPFzTTVxbnvkasd
8 aDoHOlh
9 qRmyPX_yiLO
10 QRKXdXS
11 XJAwevmIbZe
12 bBLxJJi
13 NjjfCeY
14 fdXEm
15 yDyWAgpdZXDu
16 LmnNmtxjvCDDHzlxXju
17 MXjaaaBGWzor
18 jvQBnHmldvhzi
19 lj_KXlAYqnNmDcKYJ
20 gATTjYOk
21 BRYcPYxgxpZO
22 zaBY
23 uNmAepNHKpCzhBdLPDYN
24 FWEcAZvQUHhf_SaYF
25 HmVc
26 RzmSSwtqEgYbkpQ
27 KtPyX_tdQcfVkxO
28 BPLhTYhhjIbFyBHq
29 AjaHgnAhtNj
30 xUIBnvtxfP
31 BHKDmvXKRoACn
32 EByOIgKgbU
33 RzhktmpZptqR
34 cpqPlkbgmXZAcee
35 bFOOyVZpsxxmb
36 onR
37 YrerjuNXAowgyposan
38 lgkAYhAOESvTyHt
39 jMQtAyWOpGFcnGYWc
40 ycnzWBRsBUZlGnkTS
41 enpVrBTKIstxG
42 YVecpYOINvRnpt_GD
43 oaGpW
44 LTAswE_QrWmzheycrTL
45 Q_bQHxgInXPA
46 fBcyWEtmdmYCdr
47 eyKTPZHNFGCmKWPuyW
48 DEA
49 jrbT_QlkohzMKzEXh
50 ZOWp_Khr
51 LxZPgP
52 kAUUnxPNEjWPjUULs
53 paFA
54 WxBEyfDaVsdke
55 DFa
56 omtlpuKIinWlt
57 Bsu
58 MahhaSJXvFRs
59 RmFvftaCZJw
60 MhnLqKeByTejmLXDPN
61 eyf
62 ltenukxaUZrMx
63 YYwplo
64 yq_LPKJ
65 AzpmJArExFvMHFQRkq
66 GRoyqZqZKCGOvMIT
67 JxRrxhTdQ
68 LXHXFghzceBRyskIri
69 fEAfTUanZvWWAEw
70 YwKKe
71 HjSlTiVMZvOvrAVRy
72 kh_ZnXDTyCjUuJt
73 vWRwNXwzrrcLTTIUex
74 XgBpYeeoAmxYzDfEMs
75 YTvR
76 _PFFmuzQeqIbKW
77 TXGucnxsaFrHgyw
78 gQEc
79 PHNdVDZaNcfMNQ_VwW
80 omkOeiDR
81 oZugcwKONyz_nxYhTOyc
82 ckFerkNULGiEtpL
83 DFbQCe
84 mqjmBHToFiXGv
85 BADYFcqYcxXNNSirSy
86 ZgDNKD
87 nRdNKGYcZhKnFqSLt
88 hnIKlSBUyGg_GJ
89 tqCaucIHiVg
90 zPFXMUkbvqKTNbAfdwZ
91 GdjSUfTJthGnArDK
92 YiHFI_ovNnwTAhMi
93 RksWJa
94 QKpVpXgqEDZQiqAwgrH
95 ZlpvFNjW
96 bKoz
97 SqFLwmzXXuTdTeKPYmj
98 iEpl_j
99 K_J
100 XsS_oEjQWHLBSNbRjwmX
