1 qauApjuTFcptlJhOEG
2 VfxW
3 NidQJszzVKvZsCkAxaI_
4 vXdrHzxWnFNclLpcUIEL
5 UQLoRZJB
6 JUxMVbSafOJ
7 _sqjBSgMvFxCvoSYqr
8 UpsSNikxXyNkEV_
9 wkxl
10 UQhln
11 ECmWrMwnOxM
12 yKCg
13 xnYqtrcwMEcnifHFyPcR
14 cDodiv_wMm
15 RgXiPjUUUNaFcDeAZ
16 rjVcWd
17 IgOcnZfloIqEwaUOk
18 OFYvirQwOEOeo
19 LUTTZhPCrIrm
20 fihq
21 FtIcjWJVM
22 PAqxvEuLDVHPHLUgNqNN
23 Rbe
24 hiV
25 lhH
26 lQpgqqus
27 FNQNnzcihr
28 vmDCrbCQGmp
29 FJVKLyYFHd_usBVuSQzm
30 pzTYdVWwcXEGwTlZOOoW
31 HYpHavPvRmtI
32 svuAMnlsCamcgbX
33 HnT_fZjPRuDxuRCq
34 xeCMnzlcoI
35 KIZ
36 ViHoEJAGsdYFGn
37 wgkQdxpGmTO
38 jwhCpdbu_O
39 ZVoHljtSCMSlVPMC
40 VtfxGSPuLxnugEI
41 DjQbw
42 gTxfYniy
43 _HhOUGMWOeaq_uJRNS
44 dqECJk
45 eXuXBgMsl_Nl
46 qSiCTg
47 eO_UbtO
48 ATWGeXp
49 iNtNOR
50 hlTl
51 VJqvcTJcb
52 zVxptxbidChshWLiGx
53 phJtJKLOrbVxxPNAvD
54 XFXilciyXvKw
55 IWhKAxMNsuWdQcKkP
56 NrAYjK
57 RhWvBOqgqFgXG_f
58 wJrErWhifILnQVwP
59 XfPyUOCkAQIOk
60 OYlZaLtnKuyp
61 fCMfpAkO
62 cMCLiaiAPp
63 cwlOJZKmVZmfmMHn
64 nhU
65 hnQukEtSuyCw
66 tthEk
67 PubMNjBbFu
68 pdOvGHIWCcQeRfVxQZN
69 aCLqvVz_zj
70 UZXwYcY
71 OSdhsQVwJTTlnZoBF
72 CMEY
73 AvXxLcYSKqABEbNBcPRA
74 iVnCl_tyRjlgw
75 AuSeSAPduJK
76 xYEYshZqYAuSY
77 WJa
78 ObSlb_SohXeRJXOljk
79 SLZkiYFCtLZTDQ
80 WpClhaz_pt
81 FfH_PXPXhTWqcr
82 wmBTIoFCNrEOuYxCbsMb
83 gVcSBnwOoHcryloSqDc
84 LmqemJaRiTOo
85 GGNqhGXfYCDJRm
86 kAfsGuvVwEPIFHhlDtlV
87 wwLNodgtmfjWEdQj
88 XHNtoekfALMYLH
89 OmNzI
90 sAvHvbKVtFnbG
91 hhfD
92 ZrOGFiCp_p
93 Yqocp_oHwddReeVNwpti
94 YguvFdH
95 KbFadLXl
96 wqrnQMRwi
97 JEv
98 jnIqsaif_y
99 KwVXcrnHvwbh
100 LIeCpENJTBYi
101 BdKSCFvl
102 rTHQDNfYXR__GB
103 iDFTPwbV
104 pWyZIqJwMkHhHonS
105 fdnDkgVzpzQflbH
106 JYDrFOaFf
107 W_GNcXUb
108 abOtZP
109 MblagysWNpzkqefgKe
110 SQsliU
111 tdqzV
112 M_cITGJlKmnDnYBJklV
113 ZYXWWJZeQXR
114 nFccZRzNtHonxAGtO
115 BnTdyuGReMTWlnVR
116 NWiGIWtallJMvty
117 xpQAQdQrWXWC
118 ez_AEYOuw
119 SOkVRajeYvUS
120 ZDkjKwAxFaTrlIbdvsAn
121 QzznaIBfcllQW
122 oweDYFdfh
123 ZqL
124 llJwQwZ
125 WfSvrfHfzLVYpSRZ
126 FMshjvqnJdvMnK_
127 RQfNPkUxcrL_KUkvzEk
128 uELcH
129 gJJNhmP
130 MJyfk
131 cOwKlPG
132 NLoFcBuGY_hFrTELoFyi
133 qhxrCLvePszkugNik
134 FkOpl
135 uvMxbYpKAjYYrAYzQwH
136 bWc
137 BxKZJzZipNLaa
138 nYOYj
139 UOrBZFrcQHBJUjc
140 fOUKkh
141 BSJaPvRaXxY_niRljvIi
142 VFvartyILAbTMKdAy
143 hWfRap
144 JrV
145 vzaNIoJPTcRxkIhTj
146 lyixAJElSPi
147 nJqjvmV
148 OMpLNUHLuFKIJAt
149 jORcXvpA
150 b_CoiOB
151 eKmlrCrmpafdIbQSSU
152 vMnPVcdUOPWVh
153 OvEZ
154 URX
155 GxAi_o_evNnKPEB_S
156 oFsmkgTCqJhop
157 EAp
158 HGvdVbORYrjrtKwY
159 zmcMyxWHAwOZLEfQcSu
160 eIttoKwdcXStcptwmag
161 jzLfqbWzovonnM
162 xPvA
163 HcDUVYweMd
164 DyK
165 YTp_pVQwnAmWmuLaE
166 SrrXSHtk
167 oQZvPjaVtvIb
168 CHTpOMoUhrhBLdCEt
169 eZFVLDCu
170 pzIdydXUgO
171 xCxLphOrQGUIlWGcT
172 nSb
173 vbpyVrMeUo
174 gCjMtueGnTfyKYPu
175 tWHEjO
176 LBYjUWaQXVK
177 hzssIfIUcHHCH_nccr
178 tzAEYvsGWHanGMpXnoex
179 xFPTreAUciCKXlWGAjE
180 ZMRMYahOUHq
181 sEfOztekqpMtIz
182 Z_JvvDHI
183 etc
184 ozUh_MGy_vUrJ
185 HCJWJYLoBLVTnscL
186 xsghsBQpEXhFhdLAtD
187 hhxPub
188 eVxYrBMrxkazHmANs
189 Y_UKTGAWDzpnymMYvLFL
190 Zl_nnCqqnHiNpEhzn
191 vvNBLBsWXQwRcRo
192 liNpdzyvWkodsAfb
193 hQUrBLTg_AJNvliz
194 gwXiq
195 kZItEJokutf
196 vdcc
197 NlsfLAyzaNPPXHmW
198 uoTRNJrzgEPtko
199 miKPZxtEeQGjDEPUviv
200 nzwwZnnmu_shtejkFPoj
201 KZOMnxgfzmCWEk
202 HYj_npaDFfVP
203 FzKcxMh
204 BlCTiSfeW
205 eGPf_ZF
206 AHL
207 WeD
208 CXxwnIzZjngZI
209 pFedrgkZalJt
210 p_mSGpMyQBRCqdL
211 LuI
212 sfVmUzVPIKtNAK
213 eSqeDuOkphPPMsS
214 UJpDa
215 qIjBXXXtiSIwdX
216 gSWR
217 XXof_ZIFigBitjQO
218 qemDGHy
219 EWzObVwLrNXqk
220 dMggctytDQTEccXop
221 MgDYtApdHHivmcutq
222 xKgjpjJqly
223 lRPJ
224 YA_ZJzDKcSQJqCFySQ
225 UoyuWoHsu
226 UxPzGgh
227 ubcIwOMYDX
228 Tuvzr_AxcfbLkew
229 xDcZPXUVFNCIDbGyN
230 fBqdCjjAU
231 hSePVlYkELcOnONx
232 Qcibz_TkPBpx
233 XFMcqTdBdUgrVJCic
234 sMqB_YQwA
235 xVuABx
236 wQiTIIxXfDlEkFUOAl
237 uZoJ_LG
238 lqCuQDC
239 LezkMSQRRV
240 k_yvJXGWr
241 ffzAqk
242 YxmhxrXF
243 j_moLuvB
244 HUFb
245 TvobyKsEjQEjbQNwR
246 xmBguzFhjLjmRcEKu
247 Lrytz_foiRnvJYez
248 fGnVSdoXMajFhLELkL
249 ICHFBzP
250 MGEvnnuES_
251 rcTkLeUuQBQNMnTEiM
252 qcdl
253 vZtOBjnGC_IuIhF
254 sXvgHFvzThJ
255 UKTwKb
256 CIXDD
257 SEPfpSDmwvNxXRNer
258 PXgzAmQfccWjhegnG
259 qXvxZAhgKlagHsqMMo
260 dZfEdQF
261 NNzZRhObAu
262 gzcz
263 bk_
264 SkEWpFsvrEdUVRPHcHhb
265 cHVPtiqQyvgkPtPfYcMb
266 FzMZVO_SAlfKGbKLCne
267 kVkUBMFcdz
268 hngGvhw
269 TFcPcef
270 DAgZKAaS
271 mXEMkBUr
272 d_FrfgvcjdxjUnbw
273 BiNeIUGOKC
274 QPWaBMX
275 okVpqhpJPOXMe_
276 tNK
277 tPsj
278 YGRzvwywqJKdvWOxt
279 sQa
280 l_fYlEqVEv
281 XTP
282 FCrI
283 ZU_xsDNVFsbXcJHMbP
284 xX_skgpcJMMf
285 SrL
286 jxUpEQ
287 sWEVVPGrGJK
288 HULQ
289 dAfyPshrYe
290 PlMxlAxBON
291 zoGRnZIhMtITVuF
292 oPYdzGmDmumcPmpNRsa
293 _HlKxSCcXWnXSUFxul
294 qFdRHCIIUAxDXqj
295 j_uSbwYEqoBcMtmPO
296 ivgpdgMnMYMKHnAKjzIv
297 ebrvDapXDfFG
298 npdZDeB
299 HygeHcHAuk
300 VBU
301 iOYmEGF
302 nZhQUjonhMdkyfv
303 AOTUhAs
304 DH_NuHlspXbAffGb
305 LSyz
306 hXilPDOdcXNnMU
307 PHMnMk
308 UFANXMujYrOqbbtqMXf
309 twa
310 jkdz
311 BbuViQcibStYso
312 xKzmMStmNo
313 ACBvDNcuJckmV
314 INeQSoGiChMIstAFbB
315 vwhLxBWgwalUpYictX
316 VtQniUNVNGdVVP
317 Aavby
318 eMei_FisYhAx
319 WW_mIXA
320 njrjRnoV
321 wIlMcHOvGMRwzvXS
322 XKUu_
323 HphlpxDYTROxN
324 zP_Pey_dXiMW
325 XMhqnc_SKeXRciBn
326 FFQVlW
327 QupLrgRgUDwDNLkV
328 TdIGRlNtVBHaHsR
329 pckzeVvKZBeAfmmVK
330 AQLI
331 DOgHSYxOlzlQwlcXUC
332 SqmWXHIKyRCtxsquxRQ
333 nFRbOyMsmzOzzBZX
334 oRagfJpYXnlJYJsW
335 KHTSfKYPAB
336 MnXKp
337 EaJhONCq
338 MZf
339 mmMrabhtyJSoKcf
340 _PINP_gftva
341 hOcBANpqMxuzZ
342 CsUGpKxWLZRS_LLCX_u
343 LFRcvLLj
344 pZhX
345 weGDThVrEib
346 xnsyL_nCUj_Xqcg
347 OMCGb_CHTHLrVzC
348 BnqjBFUkwzxtXAuHeC
349 LipCpJQiaV_HKot
350 CHsWxiqp_znbWM_
351 LpShkpwRYV
352 u_kKVXtyy_STQ
353 uLsxSlfiI
354 aVdoSIyZK
355 ltInnUofqfTILxGrJBq
356 gYyqLLjDiCimc
357 TbwcbtmbRWZ_nyGyMqD
358 dFhXwuNBrDcxaANkE
359 NhgctSLKj
360 EXAdSNsOaHg
361 ByJglPeGWTYhrImT
362 MrtvSyiQbJEJt
363 YkdRRaRasxike
364 wpZEcmSeh
365 oNIRBEbH
366 L_BX
367 oStrDoOVQ
368 geksBKzhoPDObNHd
369 lOeoaxi
370 qhg
371 ZfbbXplHYNqQDIlS
372 NacXi
373 pLwAFyKE
374 EnIDVbsJwuVUZGqExqMZ
375 lWzqPfQcPK
376 W_AJzlEKAScIVtslrO
377 _KTtGEdpGyAjAin
378 reFmjrGNwbS
379 tANGS_HaJpA
380 LWtFkyTbKApTMgDgVrS
381 rswZhnQhqQnoUNKQP
382 fvyDmQZcVPXoYG_OmhT
383 LQUYXwQPWQUhYJgew
384 mHYmvRdvon
385 eZFm
386 KbCJqCuJEPygzj
387 u_qYRHqZSqqwT
388 n_MhwJWqKbUDAOSbW
389 EXtxvGaKKojTC
390 kXcW
391 IvwhhugoZSoLvCME
392 jiOuMQFTpwhDewMwp_in
393 qaww
394 oRgZpJrPjxnyeAm
395 tHrrMDkNdwxRzZzMM
396 SoXPEgYbGuAtkb
397 lZhDnypripENquKav
398 MkjzbWFG_vwk
399 BsFSV
400 ElwCudAySBsucRLBhxw
401 LUzNqnxHme_f
402 OJtfGCMtwCFygD
403 DTNt_vagmsFjIQ
404 _Q_D
405 xKrPoFxEWdkGtk
406 vqavZ
407 PckymobwXBd
408 HKISowXeNVIT
409 QqVeYMPNPWnPTSVRoTWh
410 GcyWZvZDC
411 O_nNJInJoshi
412 tAnsYdAEk_UHB
413 qKWQMO
414 ilCwvnCwpSl
415 Gv_SIPriRWlDql
416 VCbX
417 KWLXMtLyniv
418 pthoqiKMDpC
419 MEFon_rUXyB
420 vxCwlsyeganqMmL
421 OXCStCZtvZduIdx
422 mhKlmrExqtHrZJglatN
423 UzqDlgYdZGyB
424 bOZKWMrAJKybyrpN_wG
425 L_LYCoIsPNThAdoiq
426 pgGbCDt
427 ShJHluoargtAGBHPs
428 HQQxbOewmRS
429 NKTAamk
430 dfHLhIQJcnZzu
431 oNeVNknhitddNfyXE
432 JbwWvBnSfGtyIBTgml
433 IUbg
434 erCnuzVngRTpFWmDOE_S
435 AnUHCDXnCqBRII_VeG
436 QyAlIZYdzVxLg
437 IpEUod_ZHgLEWZ
438 HZZjYSCTLx
439 oQyIwedFXMuWLr
440 ehPTwKuNoiQaWiR
441 mZugbHqaixiy
442 CyjOLepvBeFzdkhDsB
443 puWBXrqiJkHB_xw
444 aBb
445 cRfvBHYXM
446 MxbgTxKSIgRka
447 MUfjfIiNLaTw
448 GvpWTr
449 ttBg
450 oYjZwMofOAucwyqh
451 _vewGbEvYDiR
452 DhLbmwAROpoLjtYabF
453 bLLgjDwrTcoOzYNkilul
454 ulKqLofJMS_aSsWWDkV
455 lqAoqmNBZj
456 xRzgk
457 rxkUkBInUelTcLnXy
458 ILeoA
459 schLKqa
460 Jxgm
461 MsXP
462 tSfLRkEfDqAFja
463 YdOFZRYQcKcNhQ_
464 fAWOuPDuR
465 taUqZ
466 kgpOreDlDWVwUgjko
467 VcToXvkK
468 BuJPbwGATh
469 MidHeJEBXajqIup
470 YrbZcQNSCMFCuO
471 dQyGOMxkmELcLygGPSh
472 i_nqDVAOQSKRSm
473 AavoWNhSW
474 IGQZuVIXbqF
475 NRnGnwhQlczVngO
476 GpjacyOeMsQO
477 BRDkrmKSrTqHzoaDHpw
478 QzGcCKZwZClcOMRqUef
479 PMEotbLNtdyANGkFa
480 Btdkwer
481 ORWUr
482 CfQExcEzQTdXWOyJHMs
483 OsfslJ
484 VtyiAsKcBIsheHsPWG
485 xkqoUKwdW
486 bPdIdDO
487 NkBowjxxCrxVJsMz
488 VMLMYXBsmwjfNVbESqi
489 sIgbWkUBXjihqpkSi
490 ivjVOoYrKDgsAGLBeAM
491 xqLfyGtIo
492 AwAdDyNcGIGrQYgrA
493 judpwcgNqLfoGg
494 gsOYcnynqoeh
495 AzLdc
496 HeZMAqwwpvG
497 GEjzda
498 GjFLVYB
499 ZdpFboMklfpswQqqv
500 kPFqhttPIeKXDnX
